// Jest Snapshot v1, https://goo.gl/fbAQLP

exports[`SQS Queue and SNS Topic Created 1`] = `
{
  "Parameters": {
    "BootstrapVersion": {
      "Default": "/cdk-bootstrap/hnb659fds/version",
      "Description": "Version of the CDK Bootstrap resources in this environment, automatically retrieved from SSM Parameter Store. [cdk:skip]",
      "Type": "AWS::SSM::Parameter::Value<String>",
    },
  },
  "Resources": {
    "AwsDemoQueue0FADC985": {
      "DeletionPolicy": "Delete",
      "Properties": {
        "VisibilityTimeout": 300,
      },
      "Type": "AWS::SQS::Queue",
      "UpdateReplacePolicy": "Delete",
    },
    "AwsDemoQueueMyTestStackAwsDemoTopicAD0F76F3D723DBDC": {
      "DependsOn": [
        "AwsDemoQueuePolicy5E0330D5",
      ],
      "Properties": {
        "Endpoint": {
          "Fn::GetAtt": [
            "AwsDemoQueue0FADC985",
            "Arn",
          ],
        },
        "Protocol": "sqs",
        "TopicArn": {
          "Ref": "AwsDemoTopic02F34EBC",
        },
      },
      "Type": "AWS::SNS::Subscription",
    },
    "AwsDemoQueuePolicy5E0330D5": {
      "Properties": {
        "PolicyDocument": {
          "Statement": [
            {
              "Action": "sqs:SendMessage",
              "Condition": {
                "ArnEquals": {
                  "aws:SourceArn": {
                    "Ref": "AwsDemoTopic02F34EBC",
                  },
                },
              },
              "Effect": "Allow",
              "Principal": {
                "Service": "sns.amazonaws.com",
              },
              "Resource": {
                "Fn::GetAtt": [
                  "AwsDemoQueue0FADC985",
                  "Arn",
                ],
              },
            },
          ],
          "Version": "2012-10-17",
        },
        "Queues": [
          {
            "Ref": "AwsDemoQueue0FADC985",
          },
        ],
      },
      "Type": "AWS::SQS::QueuePolicy",
    },
    "AwsDemoTopic02F34EBC": {
      "Type": "AWS::SNS::Topic",
    },
  },
  "Rules": {
    "CheckBootstrapVersion": {
      "Assertions": [
        {
          "Assert": {
            "Fn::Not": [
              {
                "Fn::Contains": [
                  [
                    "1",
                    "2",
                    "3",
                    "4",
                    "5",
                  ],
                  {
                    "Ref": "BootstrapVersion",
                  },
                ],
              },
            ],
          },
          "AssertDescription": "CDK bootstrap stack version 6 required. Please run 'cdk bootstrap' with a recent version of the CDK CLI.",
        },
      ],
    },
  },
}
`;
